bash: ./divide.py: No such file or directory
bash: ./sqrt.py: No such file or directory
